------------------------------------------------------------
Timing Analyzer Summary
------------------------------------------------------------

Type  : Slow 1100mV 85C Model Setup 'SEC_CLK~reg0'
Slack : -44.215
TNS   : -174.559

Type  : Slow 1100mV 85C Model Setup 'VGA_CLK~reg0'
Slack : -29.697
TNS   : -420.322

Type  : Slow 1100mV 85C Model Setup 'clk'
Slack : -4.219
TNS   : -4.219

Type  : Slow 1100mV 85C Model Hold 'VGA_CLK~reg0'
Slack : 0.283
TNS   : 0.000

Type  : Slow 1100mV 85C Model Hold 'SEC_CLK~reg0'
Slack : 0.639
TNS   : 0.000

Type  : Slow 1100mV 85C Model Hold 'clk'
Slack : 2.150
TNS   : 0.000

Type  : Slow 1100mV 85C Model Minimum Pulse Width 'VGA_CLK~reg0'
Slack : -2.174
TNS   : -197.799

Type  : Slow 1100mV 85C Model Minimum Pulse Width 'clk'
Slack : -0.840
TNS   : -4.627

Type  : Slow 1100mV 85C Model Minimum Pulse Width 'SEC_CLK~reg0'
Slack : -0.394
TNS   : -2.895

Type  : Slow 1100mV 0C Model Setup 'SEC_CLK~reg0'
Slack : -45.674
TNS   : -180.422

Type  : Slow 1100mV 0C Model Setup 'VGA_CLK~reg0'
Slack : -30.468
TNS   : -414.057

Type  : Slow 1100mV 0C Model Setup 'clk'
Slack : -4.039
TNS   : -4.039

Type  : Slow 1100mV 0C Model Hold 'VGA_CLK~reg0'
Slack : 0.336
TNS   : 0.000

Type  : Slow 1100mV 0C Model Hold 'SEC_CLK~reg0'
Slack : 0.614
TNS   : 0.000

Type  : Slow 1100mV 0C Model Hold 'clk'
Slack : 2.041
TNS   : 0.000

Type  : Slow 1100mV 0C Model Minimum Pulse Width 'VGA_CLK~reg0'
Slack : -2.174
TNS   : -196.445

Type  : Slow 1100mV 0C Model Minimum Pulse Width 'clk'
Slack : -0.829
TNS   : -4.816

Type  : Slow 1100mV 0C Model Minimum Pulse Width 'SEC_CLK~reg0'
Slack : -0.394
TNS   : -2.890

Type  : Fast 1100mV 85C Model Setup 'SEC_CLK~reg0'
Slack : -24.560
TNS   : -96.854

Type  : Fast 1100mV 85C Model Setup 'VGA_CLK~reg0'
Slack : -16.465
TNS   : -216.968

Type  : Fast 1100mV 85C Model Setup 'clk'
Slack : -3.149
TNS   : -3.149

Type  : Fast 1100mV 85C Model Hold 'VGA_CLK~reg0'
Slack : 0.021
TNS   : 0.000

Type  : Fast 1100mV 85C Model Hold 'SEC_CLK~reg0'
Slack : 0.331
TNS   : 0.000

Type  : Fast 1100mV 85C Model Hold 'clk'
Slack : 1.813
TNS   : 0.000

Type  : Fast 1100mV 85C Model Minimum Pulse Width 'VGA_CLK~reg0'
Slack : -2.174
TNS   : -142.697

Type  : Fast 1100mV 85C Model Minimum Pulse Width 'clk'
Slack : -0.733
TNS   : -1.654

Type  : Fast 1100mV 85C Model Minimum Pulse Width 'SEC_CLK~reg0'
Slack : -0.100
TNS   : -0.332

Type  : Fast 1100mV 0C Model Setup 'SEC_CLK~reg0'
Slack : -23.256
TNS   : -91.729

Type  : Fast 1100mV 0C Model Setup 'VGA_CLK~reg0'
Slack : -15.551
TNS   : -191.653

Type  : Fast 1100mV 0C Model Setup 'clk'
Slack : -2.702
TNS   : -2.702

Type  : Fast 1100mV 0C Model Hold 'VGA_CLK~reg0'
Slack : -0.004
TNS   : -0.004

Type  : Fast 1100mV 0C Model Hold 'SEC_CLK~reg0'
Slack : 0.295
TNS   : 0.000

Type  : Fast 1100mV 0C Model Hold 'clk'
Slack : 1.470
TNS   : 0.000

Type  : Fast 1100mV 0C Model Minimum Pulse Width 'VGA_CLK~reg0'
Slack : -2.174
TNS   : -140.138

Type  : Fast 1100mV 0C Model Minimum Pulse Width 'clk'
Slack : -0.701
TNS   : -1.587

Type  : Fast 1100mV 0C Model Minimum Pulse Width 'SEC_CLK~reg0'
Slack : -0.049
TNS   : -0.147

------------------------------------------------------------
